src/components/ResolvePanel.tsx(169,9): error TS6133: 'canFinalize' is declared but its value is never read.
src/components/ResolvePanel.tsx(414,9): error TS6133: 'handleRequestVoterDecryption' is declared but its value is never read.
src/components/ResolvePanel.tsx(882,57): error TS2322: Type 'unknown' is not assignable to type 'boolean | undefined'.
src/components/ResolvePanel.tsx(884,21): error TS2345: Argument of type 'unknown' is not assignable to parameter of type 'ClassValue'.
src/components/ResolvePanel.tsx(886,74): error TS2304: Cannot find name 'RefreshCw'.
src/lib/contracts.ts(9,39): error TS2307: Cannot find module 'cofhejs' or its corresponding type declarations.
src/lib/wallet.ts(8,1): error TS6192: All imports in import declaration are unused.
src/pages/MarketDetail.tsx(37,3): error TS2724: '"@/lib/contracts"' has no exported member named 'fetchMarketFees'. Did you mean 'fetchMarket'?
src/pages/MarketDetail.tsx(59,26): error TS2304: Cannot find name 'ethers'.
src/pages/MarketDetail.tsx(297,35): error TS2304: Cannot find name 'DisputeDataResult'.
src/pages/MarketDetail.tsx(405,11): error TS2304: Cannot find name 'getMarketResolution'.
src/pages/MarketDetail.tsx(406,11): error TS2552: Cannot find name 'getMarketFees'. Did you mean 'fetchMarketFees'?
src/pages/MarketDetail.tsx(407,11): error TS2304: Cannot find name 'getMarketDispute'.
src/pages/MarketDetail.tsx(1241,53): error TS2739: Type '{ creatorFees: bigint; protocolFees: bigint; }' is missing the following properties from type 'MarketFeesData': creator_fees, protocol_fees
src/pages/MarketDetail.tsx(1246,21): error TS2322: Type 'MarketResolutionData' is not assignable to type 'MarketResolutionData | null'.
  Type '{ winningOutcome: number; finalized: boolean; decryptionRequested: boolean; votingDeadline: bigint; disputeDeadline: bigint; totalBonded: bigint; totalVoters: number; }' is missing the following properties from type 'MarketResolutionData': winning_outcome, challenge_deadline
